A-Control starting: /home/duanxuelong/BCSI_Baseline_BGCE/Results/experiment_A_control_shuffle_seed42
Evaluated shuffled_bgs UPT6DX9IQY9JAZ7HJKA7
Evaluated shuffled_bgs UTBUJIWZMKP64E3N73YC
Evaluated shuffled_bgs ULHWPWKKLTE921LQLH1P
Evaluated shuffled_bgs V0MZOWJ6MU3RMRCV9EXR
Evaluated shuffled_bgs VDOF02M8ZHEAADFMS6NP
Evaluated shuffled_bgs VG4C826RAAKVMV9BQLVD
Evaluated shuffled_bgs VIXBEFTNVHZWKAKURJBN
Evaluated shuffled_bgs VQ2L3WM8KEVF6L44E6G9
Evaluated shuffled_bgs WBG9WYZ1B25WDT5WAT8T
Evaluated shuffled_bgs WMDG2EFA6L2SNDZXIRU0
Evaluated shuffled_bgs WNPKE0W404QE9AELX1LR
Evaluated shuffled_bgs WSJB9P4JCXUVHBOYFVWL
Evaluated shuffled_bgs WW8F5CO4S4K5IM5Z7EXX
Evaluated shuffled_bgs X18LU5AOBNNDMLTA0JZL
Evaluated shuffled_bgs XYDLYJ5CS19FDBVLJIPI
Evaluated shuffled_bgs Y7ZU0B2APPF54WG6PDMF
Evaluated shuffled_bgs YDKD1HVHSME6NVMA8I39
Evaluated shuffled_bgs Z9GMG63CJLL0VW893BB1
Evaluated shuffled_bgs ZIJLJAVQV3FJ6JSQOH1E
Evaluated shuffled_bgs ZQPMJ4XEC5A4BISD45P1
{"stage": "complete", "best_validation": {"iteration": 27600, "dice": 0.8794102379529762, "hd95": 8.519045}, "summary": [{"mode": "none", "prediction": "raw", "n_cases": 20, "checkpoint_iteration": 27000, "primary": false, "severe_failures": 3, "dice": 0.8400099774142868, "jaccard": 0.7292158792183472, "hd95": 23.28301771590121, "asd": 6.940072997297205}, {"mode": "none", "prediction": "lcc", "n_cases": 20, "checkpoint_iteration": 27000, "primary": true, "severe_failures": 0, "dice": 0.8735608027043703, "jaccard": 0.7776845430673535, "hd95": 8.88879185827761, "asd": 2.2087017196632637}, {"mode": "bgs", "prediction": "raw", "n_cases": 20, "checkpoint_iteration": 29000, "primary": false, "severe_failures": 4, "dice": 0.8436881408048809, "jaccard": 0.7354863941317249, "hd95": 23.575082402073882, "asd": 6.638701224547392}, {"mode": "bgs", "prediction": "lcc", "n_cases": 20, "checkpoint_iteration": 29000, "primary": true, "severe_failures": 1, "dice": 0.8628580452755903, "jaccard": 0.7647211835772159, "hd95": 11.416208360297022, "asd": 3.093234227983058}, {"mode": "shuffled_bgs", "prediction": "raw", "n_cases": 20, "checkpoint_iteration": 27600, "primary": false, "severe_failures": 3, "dice": 0.8562498061482613, "jaccard": 0.7532002369837475, "hd95": 17.714100311319964, "asd": 5.52518321712118}, {"mode": "shuffled_bgs", "prediction": "lcc", "n_cases": 20, "checkpoint_iteration": 27600, "primary": true, "severe_failures": 0, "dice": 0.879410088059138, "jaccard": 0.7863049913097124, "hd95": 8.519045114197265, "asd": 2.2478124028885484}]}
